------------------------------------------------------------
Timing Analyzer Summary
------------------------------------------------------------

Type  : Slow 1100mV 85C Model Setup 'clk'
Slack : -0.602
TNS   : -2.794

Type  : Slow 1100mV 85C Model Hold 'clk'
Slack : 0.226
TNS   : 0.000

Type  : Slow 1100mV 85C Model Minimum Pulse Width 'clk'
Slack : -0.394
TNS   : -6.342

Type  : Slow 1100mV 0C Model Setup 'clk'
Slack : -0.687
TNS   : -3.186

Type  : Slow 1100mV 0C Model Hold 'clk'
Slack : 0.206
TNS   : 0.000

Type  : Slow 1100mV 0C Model Minimum Pulse Width 'clk'
Slack : -0.394
TNS   : -6.820

Type  : Fast 1100mV 85C Model Setup 'clk'
Slack : 0.111
TNS   : 0.000

Type  : Fast 1100mV 85C Model Hold 'clk'
Slack : 0.132
TNS   : 0.000

Type  : Fast 1100mV 85C Model Minimum Pulse Width 'clk'
Slack : -0.081
TNS   : -0.943

Type  : Fast 1100mV 0C Model Setup 'clk'
Slack : 0.128
TNS   : 0.000

Type  : Fast 1100mV 0C Model Hold 'clk'
Slack : 0.122
TNS   : 0.000

Type  : Fast 1100mV 0C Model Minimum Pulse Width 'clk'
Slack : -0.081
TNS   : -0.939

------------------------------------------------------------
